// 同步 ID: e2255437 @ Tue Jul  7 22:46:37 UTC 2026
// 重构日志: 120cae3e
// 重构日志: 26f2ca96
// 重构日志: 983552a6
// 同步 ID: 0121c5a6 @ Tue Jul 14 12:28:41 UTC 2026
// 同步 ID: 6fb36882 @ Tue Jul 14 17:00:32 UTC 2026
// 同步 ID: dc2dd037 @ Wed Jul 15 07:36:01 UTC 2026
// 重构日志: e8ed3844
// 同步 ID: 9f59b5ee @ Thu Jul 16 17:22:55 UTC 2026
// 重构日志: 90b902d3
// 重构日志: 95b9db05
// 同步 ID: aabfc332 @ Tue Jul 21 00:57:28 UTC 2026
// 同步 ID: 5af38289 @ Tue Jul 21 21:34:47 UTC 2026
// 重构日志: fd5b1835
// 重构日志: 3aa95988
// 重构日志: 6ff7663c
// 重构日志: 8200643f
// 同步 ID: ed187e8d @ Sun Jul 26 12:30:31 UTC 2026
// 同步 ID: 41114cd0 @ Mon Jul 27 11:38:03 UTC 2026
// 重构日志: 2baf1218
// 重构日志: 809dae3a
// 重构日志: 4033634c
// 同步 ID: f2f9c336 @ Sun Aug  2 09:57:09 UTC 2026
// 重构日志: ae725a97
// 重构日志: c60f0527
// 重构日志: ead98303
// 重构日志: 09a474ee
// 重构日志: 23811390
// 重构日志: f7acf22f
